#
# There is insufficient memory for the Java Runtime Environment to continue.
# Native memory allocation (malloc) failed to allocate 4032976 bytes for Chunk::new
# Possible reasons:
#   The system is out of physical RAM or swap space
#   The process is running with CompressedOops enabled, and the Java Heap may be blocking the growth of the native heap
# Possible solutions:
#   Reduce memory load on the system
#   Increase physical memory or swap space
#   Check if swap backing store is full
#   Decrease Java heap size (-Xmx/-Xms)
#   Decrease number of Java threads
#   Decrease Java thread stack sizes (-Xss)
#   Set larger code cache with -XX:ReservedCodeCacheSize=
#   JVM is running with Unscaled Compressed Oops mode in which the Java heap is
#     placed in the first 4GB address space. The Java Heap base address is the
#     maximum limit for the native heap growth. Please use -XX:HeapBaseMinAddress
#     to set the Java Heap base and to place the Java Heap above 4GB virtual address.
# This output file may be truncated or incomplete.
#
#  Out of Memory Error (arena.cpp:168), pid=11064, tid=4008
#
# JRE version: Java(TM) SE Runtime Environment (21.0.7+8) (build 21.0.7+8-LTS-245)
# Java VM: Java HotSpot(TM) 64-Bit Server VM (21.0.7+8-LTS-245, mixed mode, sharing, tiered, compressed oops, compressed class ptrs, g1 gc, windows-amd64)
# No core dump will be written. Minidumps are not enabled by default on client versions of Windows
#

---------------  S U M M A R Y ------------

Command Line: -Dclassworlds.conf=C:\Users\Abhay\Downloads\apache-maven-3.9.9-bin\apache-maven-3.9.9\bin\m2.conf -Dmaven.home=C:\Users\Abhay\Downloads\apache-maven-3.9.9-bin\apache-maven-3.9.9 -Dlibrary.jansi.path=C:\Users\Abhay\Downloads\apache-maven-3.9.9-bin\apache-maven-3.9.9\lib\jansi-native -Dmaven.multiModuleProjectDirectory=F:\chat-app\chat-app-backend org.codehaus.plexus.classworlds.launcher.Launcher clean install

Host: Intel(R) Core(TM) i5-8265U CPU @ 1.60GHz, 8 cores, 7G,  Windows 11 , 64 bit Build 26100 (10.0.26100.4202)
Time: Sun Jun  8 22:28:18 2025 India Standard Time elapsed time: 16.422673 seconds (0d 0h 0m 16s)

---------------  T H R E A D  ---------------

Current thread (0x00000153e3c28470):  JavaThread "C2 CompilerThread1" daemon [_thread_in_native, id=4008, stack(0x0000003bdf300000,0x0000003bdf400000) (1024K)]


Current CompileTask:
C2:  16423 7567   !   4       java.lang.ClassLoader::loadClass (121 bytes)

Stack: [0x0000003bdf300000,0x0000003bdf400000]
Native frames: (J=compiled Java code, j=interpreted, Vv=VM code, C=native code)
V  [jvm.dll+0x6cae19]
V  [jvm.dll+0x855741]
V  [jvm.dll+0x857c6e]
V  [jvm.dll+0x858343]
V  [jvm.dll+0x27e0b6]
V  [jvm.dll+0xc4ecd]
V  [jvm.dll+0xc5403]
V  [jvm.dll+0x3b5752]
V  [jvm.dll+0x381e25]
V  [jvm.dll+0x38129a]
V  [jvm.dll+0x246b30]
V  [jvm.dll+0x24610f]
V  [jvm.dll+0x1c6efe]
V  [jvm.dll+0x255819]
V  [jvm.dll+0x253daa]
V  [jvm.dll+0x3eebb6]
V  [jvm.dll+0x7ffa1b]
V  [jvm.dll+0x6c94fd]
C  [ucrtbase.dll+0x37b0]
C  [KERNEL32.DLL+0x2e8d7]
C  [ntdll.dll+0x3c34c]


---------------  P R O C E S S  ---------------

Threads class SMR info:
_java_thread_list=0x00000153e952eac0, length=14, elements={
0x00000153c7265200, 0x00000153e3c17910, 0x00000153e3c18560, 0x00000153e3c1d600,
0x00000153e3c1e180, 0x00000153e3c1f570, 0x00000153e3c22590, 0x00000153e8008090,
0x00000153e3c27da0, 0x00000153e81c9cc0, 0x00000153e81cc900, 0x00000153e9a0fe60,
0x00000153e3c28470, 0x00000153e3c25b90
}

Java Threads: ( => current thread )
  0x00000153c7265200 JavaThread "main"                              [_thread_in_native, id=17304, stack(0x0000003bde100000,0x0000003bde200000) (1024K)]
  0x00000153e3c17910 JavaThread "Reference Handler"          daemon [_thread_blocked, id=13708, stack(0x0000003bde900000,0x0000003bdea00000) (1024K)]
  0x00000153e3c18560 JavaThread "Finalizer"                  daemon [_thread_blocked, id=8088, stack(0x0000003bdea00000,0x0000003bdeb00000) (1024K)]
  0x00000153e3c1d600 JavaThread "Signal Dispatcher"          daemon [_thread_blocked, id=9388, stack(0x0000003bdeb00000,0x0000003bdec00000) (1024K)]
  0x00000153e3c1e180 JavaThread "Attach Listener"            daemon [_thread_blocked, id=10108, stack(0x0000003bdec00000,0x0000003bded00000) (1024K)]
  0x00000153e3c1f570 JavaThread "Service Thread"             daemon [_thread_blocked, id=9804, stack(0x0000003bded00000,0x0000003bdee00000) (1024K)]
  0x00000153e3c22590 JavaThread "Monitor Deflation Thread"   daemon [_thread_blocked, id=2932, stack(0x0000003bdee00000,0x0000003bdef00000) (1024K)]
  0x00000153e8008090 JavaThread "C2 CompilerThread0"         daemon [_thread_in_native, id=5892, stack(0x0000003bdef00000,0x0000003bdf000000) (1024K)]
  0x00000153e3c27da0 JavaThread "C1 CompilerThread0"         daemon [_thread_blocked, id=3176, stack(0x0000003bdf000000,0x0000003bdf100000) (1024K)]
  0x00000153e81c9cc0 JavaThread "Notification Thread"        daemon [_thread_blocked, id=7268, stack(0x0000003bdf100000,0x0000003bdf200000) (1024K)]
  0x00000153e81cc900 JavaThread "Common-Cleaner"             daemon [_thread_blocked, id=13828, stack(0x0000003bdf200000,0x0000003bdf300000) (1024K)]
  0x00000153e9a0fe60 JavaThread "Thread-1"                   daemon [_thread_blocked, id=15440, stack(0x0000003bdf400000,0x0000003bdf500000) (1024K)]
=>0x00000153e3c28470 JavaThread "C2 CompilerThread1"         daemon [_thread_in_native, id=4008, stack(0x0000003bdf300000,0x0000003bdf400000) (1024K)]
  0x00000153e3c25b90 JavaThread "C2 CompilerThread2"         daemon [_thread_in_native, id=12236, stack(0x0000003bdfe00000,0x0000003bdff00000) (1024K)]
Total: 14

Other Threads:
  0x00000153e3bf7f90 VMThread "VM Thread"                           [id=10076, stack(0x0000003bde800000,0x0000003bde900000) (1024K)]
  0x00000153e3bdd9e0 WatcherThread "VM Periodic Task Thread"        [id=15424, stack(0x0000003bde700000,0x0000003bde800000) (1024K)]
  0x00000153c72b6110 WorkerThread "GC Thread#0"                     [id=17288, stack(0x0000003bde200000,0x0000003bde300000) (1024K)]
  0x00000153e8dc3ed0 WorkerThread "GC Thread#1"                     [id=3588, stack(0x0000003bdf500000,0x0000003bdf600000) (1024K)]
  0x00000153e95854e0 WorkerThread "GC Thread#2"                     [id=10764, stack(0x0000003bdf600000,0x0000003bdf700000) (1024K)]
  0x00000153e9696b90 WorkerThread "GC Thread#3"                     [id=7556, stack(0x0000003bdf700000,0x0000003bdf800000) (1024K)]
  0x00000153e8728e30 WorkerThread "GC Thread#4"                     [id=15908, stack(0x0000003bdf800000,0x0000003bdf900000) (1024K)]
  0x00000153e8635030 WorkerThread "GC Thread#5"                     [id=6136, stack(0x0000003bdf900000,0x0000003bdfa00000) (1024K)]
  0x00000153e8ea7720 WorkerThread "GC Thread#6"                     [id=4712, stack(0x0000003bdfa00000,0x0000003bdfb00000) (1024K)]
  0x00000153e8ea7380 WorkerThread "GC Thread#7"                     [id=9424, stack(0x0000003bdfb00000,0x0000003bdfc00000) (1024K)]
  0x00000153c72c6e90 ConcurrentGCThread "G1 Main Marker"            [id=8312, stack(0x0000003bde300000,0x0000003bde400000) (1024K)]
  0x00000153c72c9560 WorkerThread "G1 Conc#0"                       [id=10872, stack(0x0000003bde400000,0x0000003bde500000) (1024K)]
  0x00000153e9bcb160 WorkerThread "G1 Conc#1"                       [id=5972, stack(0x0000003bdfd00000,0x0000003bdfe00000) (1024K)]
  0x00000153e3a9c4b0 ConcurrentGCThread "G1 Refine#0"               [id=4408, stack(0x0000003bde500000,0x0000003bde600000) (1024K)]
  0x00000153e3a9cdd0 ConcurrentGCThread "G1 Service"                [id=6068, stack(0x0000003bde600000,0x0000003bde700000) (1024K)]
Total: 15

Threads with active compile tasks:
C2 CompilerThread0    16498 7733       4       sun.security.ec.ECOperations::setDouble (463 bytes)
C2 CompilerThread1    16498 7567   !   4       java.lang.ClassLoader::loadClass (121 bytes)
C2 CompilerThread2    16498 7766       4       java.math.BigInteger::implMulAdd (81 bytes)
Total: 3

VM state: not at safepoint (normal execution)

VM Mutex/Monitor currently owned by a thread: None

Heap address: 0x0000000081e00000, size: 2018 MB, Compressed Oops mode: 32-bit

CDS archive(s) mapped at: [0x0000015380000000-0x0000015380c90000-0x0000015380c90000), size 13172736, SharedBaseAddress: 0x0000015380000000, ArchiveRelocationMode: 1.
Compressed class space mapped at: 0x0000015381000000-0x00000153c1000000, reserved size: 1073741824
Narrow klass base: 0x0000015380000000, Narrow klass shift: 0, Narrow klass range: 0x100000000

GC Precious Log:
 CardTable entry size: 512
 Card Set container configuration: InlinePtr #cards 5 size 8 Array Of Cards #cards 12 size 40 Howl #buckets 4 coarsen threshold 1843 Howl Bitmap #cards 512 size 80 coarsen threshold 460 Card regions per heap region 1 cards per card region 2048
 CPUs: 8 total, 8 available
 Memory: 8070M
 Large Page Support: Disabled
 NUMA Support: Disabled
 Compressed Oops: Enabled (32-bit)
 Heap Region Size: 1M
 Heap Min Capacity: 8M
 Heap Initial Capacity: 128M
 Heap Max Capacity: 2018M
 Pre-touch: Disabled
 Parallel Workers: 8
 Concurrent Workers: 2
 Concurrent Refinement Workers: 8
 Periodic GC: Disabled

Heap:
 garbage-first heap   total 113664K, used 64276K [0x0000000081e00000, 0x0000000100000000)
  region size 1024K, 17 young (17408K), 4 survivors (4096K)
 Metaspace       used 39534K, committed 40064K, reserved 1114112K
  class space    used 4445K, committed 4672K, reserved 1048576K

Heap Regions: E=young(eden), S=young(survivor), O=old, HS=humongous(starts), HC=humongous(continues), CS=collection set, F=free, TAMS=top-at-mark-start, PB=parsable bottom
|   0|0x0000000081e00000, 0x0000000081f00000, 0x0000000081f00000|100%| O|  |TAMS 0x0000000081e00000| PB 0x0000000081e00000| Untracked 
|   1|0x0000000081f00000, 0x0000000082000000, 0x0000000082000000|100%| O|  |TAMS 0x0000000081f00000| PB 0x0000000081f00000| Untracked 
|   2|0x0000000082000000, 0x0000000082100000, 0x0000000082100000|100%| O|  |TAMS 0x0000000082000000| PB 0x0000000082000000| Untracked 
|   3|0x0000000082100000, 0x0000000082200000, 0x0000000082200000|100%| O|  |TAMS 0x0000000082100000| PB 0x0000000082100000| Untracked 
|   4|0x0000000082200000, 0x0000000082300000, 0x0000000082300000|100%|HS|  |TAMS 0x0000000082200000| PB 0x0000000082200000| Complete 
|   5|0x0000000082300000, 0x0000000082300000, 0x0000000082400000|  0%| F|  |TAMS 0x0000000082300000| PB 0x0000000082300000| Untracked 
|   6|0x0000000082400000, 0x0000000082500000, 0x0000000082500000|100%| O|  |TAMS 0x0000000082400000| PB 0x0000000082400000| Untracked 
|   7|0x0000000082500000, 0x0000000082600000, 0x0000000082600000|100%|HS|  |TAMS 0x0000000082500000| PB 0x0000000082500000| Complete 
|   8|0x0000000082600000, 0x0000000082700000, 0x0000000082700000|100%|HC|  |TAMS 0x0000000082600000| PB 0x0000000082600000| Complete 
|   9|0x0000000082700000, 0x0000000082800000, 0x0000000082800000|100%|HC|  |TAMS 0x0000000082700000| PB 0x0000000082700000| Complete 
|  10|0x0000000082800000, 0x0000000082900000, 0x0000000082900000|100%| O|  |TAMS 0x0000000082800000| PB 0x0000000082800000| Untracked 
|  11|0x0000000082900000, 0x0000000082a00000, 0x0000000082a00000|100%| O|  |TAMS 0x0000000082900000| PB 0x0000000082900000| Untracked 
|  12|0x0000000082a00000, 0x0000000082b00000, 0x0000000082b00000|100%| O|  |TAMS 0x0000000082a00000| PB 0x0000000082a00000| Untracked 
|  13|0x0000000082b00000, 0x0000000082c00000, 0x0000000082c00000|100%| O|  |TAMS 0x0000000082b00000| PB 0x0000000082b00000| Untracked 
|  14|0x0000000082c00000, 0x0000000082d00000, 0x0000000082d00000|100%| O|  |TAMS 0x0000000082c00000| PB 0x0000000082c00000| Untracked 
|  15|0x0000000082d00000, 0x0000000082e00000, 0x0000000082e00000|100%| O|  |TAMS 0x0000000082d00000| PB 0x0000000082d00000| Untracked 
|  16|0x0000000082e00000, 0x0000000082f00000, 0x0000000082f00000|100%| O|  |TAMS 0x0000000082e00000| PB 0x0000000082e00000| Untracked 
|  17|0x0000000082f00000, 0x0000000083000000, 0x0000000083000000|100%| O|  |TAMS 0x0000000082f00000| PB 0x0000000082f00000| Untracked 
|  18|0x0000000083000000, 0x0000000083100000, 0x0000000083100000|100%| O|Cm|TAMS 0x0000000083000000| PB 0x0000000083000000| Complete 
|  19|0x0000000083100000, 0x0000000083200000, 0x0000000083200000|100%|HS|  |TAMS 0x0000000083100000| PB 0x0000000083100000| Complete 
|  20|0x0000000083200000, 0x0000000083300000, 0x0000000083300000|100%|HC|  |TAMS 0x0000000083200000| PB 0x0000000083200000| Complete 
|  21|0x0000000083300000, 0x0000000083400000, 0x0000000083400000|100%|HC|  |TAMS 0x0000000083300000| PB 0x0000000083300000| Complete 
|  22|0x0000000083400000, 0x0000000083500000, 0x0000000083500000|100%| O|  |TAMS 0x0000000083400000| PB 0x0000000083400000| Untracked 
|  23|0x0000000083500000, 0x0000000083600000, 0x0000000083600000|100%| O|  |TAMS 0x0000000083500000| PB 0x0000000083500000| Untracked 
|  24|0x0000000083600000, 0x0000000083700000, 0x0000000083700000|100%| O|Cm|TAMS 0x0000000083600000| PB 0x0000000083600000| Complete 
|  25|0x0000000083700000, 0x0000000083800000, 0x0000000083800000|100%| O|  |TAMS 0x0000000083700000| PB 0x0000000083700000| Untracked 
|  26|0x0000000083800000, 0x0000000083900000, 0x0000000083900000|100%| O|  |TAMS 0x0000000083800000| PB 0x0000000083800000| Untracked 
|  27|0x0000000083900000, 0x0000000083a00000, 0x0000000083a00000|100%| O|Cm|TAMS 0x0000000083900000| PB 0x0000000083900000| Complete 
|  28|0x0000000083a00000, 0x0000000083b00000, 0x0000000083b00000|100%| O|Cm|TAMS 0x0000000083a00000| PB 0x0000000083a00000| Complete 
|  29|0x0000000083b00000, 0x0000000083c00000, 0x0000000083c00000|100%| O|Cm|TAMS 0x0000000083b00000| PB 0x0000000083b00000| Complete 
|  30|0x0000000083c00000, 0x0000000083d00000, 0x0000000083d00000|100%| O|Cm|TAMS 0x0000000083c00000| PB 0x0000000083c00000| Complete 
|  31|0x0000000083d00000, 0x0000000083e00000, 0x0000000083e00000|100%| O|  |TAMS 0x0000000083d00000| PB 0x0000000083d00000| Untracked 
|  32|0x0000000083e00000, 0x0000000083f00000, 0x0000000083f00000|100%| O|  |TAMS 0x0000000083e00000| PB 0x0000000083e00000| Untracked 
|  33|0x0000000083f00000, 0x0000000084000000, 0x0000000084000000|100%| O|  |TAMS 0x0000000083f00000| PB 0x0000000083f00000| Untracked 
|  34|0x0000000084000000, 0x0000000084100000, 0x0000000084100000|100%| O|  |TAMS 0x0000000084000000| PB 0x0000000084000000| Untracked 
|  35|0x0000000084100000, 0x0000000084100000, 0x0000000084200000|  0%| F|  |TAMS 0x0000000084100000| PB 0x0000000084100000| Untracked 
|  36|0x0000000084200000, 0x0000000084200000, 0x0000000084300000|  0%| F|  |TAMS 0x0000000084200000| PB 0x0000000084200000| Untracked 
|  37|0x0000000084300000, 0x0000000084300000, 0x0000000084400000|  0%| F|  |TAMS 0x0000000084300000| PB 0x0000000084300000| Untracked 
|  38|0x0000000084400000, 0x0000000084400000, 0x0000000084500000|  0%| F|  |TAMS 0x0000000084400000| PB 0x0000000084400000| Untracked 
|  39|0x0000000084500000, 0x0000000084500000, 0x0000000084600000|  0%| F|  |TAMS 0x0000000084500000| PB 0x0000000084500000| Untracked 
|  40|0x0000000084600000, 0x0000000084600000, 0x0000000084700000|  0%| F|  |TAMS 0x0000000084600000| PB 0x0000000084600000| Untracked 
|  41|0x0000000084700000, 0x0000000084800000, 0x0000000084800000|100%| O|  |TAMS 0x0000000084700000| PB 0x0000000084700000| Untracked 
|  42|0x0000000084800000, 0x0000000084900000, 0x0000000084900000|100%| O|  |TAMS 0x0000000084800000| PB 0x0000000084800000| Untracked 
|  43|0x0000000084900000, 0x0000000084a00000, 0x0000000084a00000|100%| O|  |TAMS 0x0000000084900000| PB 0x0000000084900000| Untracked 
|  44|0x0000000084a00000, 0x0000000084b00000, 0x0000000084b00000|100%| O|  |TAMS 0x0000000084a00000| PB 0x0000000084a00000| Untracked 
|  45|0x0000000084b00000, 0x0000000084c00000, 0x0000000084c00000|100%| O|  |TAMS 0x0000000084b00000| PB 0x0000000084b00000| Untracked 
|  46|0x0000000084c00000, 0x0000000084c00000, 0x0000000084d00000|  0%| F|  |TAMS 0x0000000084c00000| PB 0x0000000084c00000| Untracked 
|  47|0x0000000084d00000, 0x0000000084d00000, 0x0000000084e00000|  0%| F|  |TAMS 0x0000000084d00000| PB 0x0000000084d00000| Untracked 
|  48|0x0000000084e00000, 0x0000000084e00000, 0x0000000084f00000|  0%| F|  |TAMS 0x0000000084e00000| PB 0x0000000084e00000| Untracked 
|  49|0x0000000084f00000, 0x0000000084f00000, 0x0000000085000000|  0%| F|  |TAMS 0x0000000084f00000| PB 0x0000000084f00000| Untracked 
|  50|0x0000000085000000, 0x0000000085000000, 0x0000000085100000|  0%| F|  |TAMS 0x0000000085000000| PB 0x0000000085000000| Untracked 
|  51|0x0000000085100000, 0x0000000085100000, 0x0000000085200000|  0%| F|  |TAMS 0x0000000085100000| PB 0x0000000085100000| Untracked 
|  52|0x0000000085200000, 0x0000000085200000, 0x0000000085300000|  0%| F|  |TAMS 0x0000000085200000| PB 0x0000000085200000| Untracked 
|  53|0x0000000085300000, 0x0000000085300000, 0x0000000085400000|  0%| F|  |TAMS 0x0000000085300000| PB 0x0000000085300000| Untracked 
|  54|0x0000000085400000, 0x0000000085400000, 0x0000000085500000|  0%| F|  |TAMS 0x0000000085400000| PB 0x0000000085400000| Untracked 
|  55|0x0000000085500000, 0x0000000085500000, 0x0000000085600000|  0%| F|  |TAMS 0x0000000085500000| PB 0x0000000085500000| Untracked 
|  56|0x0000000085600000, 0x0000000085600000, 0x0000000085700000|  0%| F|  |TAMS 0x0000000085600000| PB 0x0000000085600000| Untracked 
|  57|0x0000000085700000, 0x0000000085700000, 0x0000000085800000|  0%| F|  |TAMS 0x0000000085700000| PB 0x0000000085700000| Untracked 
|  58|0x0000000085800000, 0x0000000085800000, 0x0000000085900000|  0%| F|  |TAMS 0x0000000085800000| PB 0x0000000085800000| Untracked 
|  59|0x0000000085900000, 0x0000000085900000, 0x0000000085a00000|  0%| F|  |TAMS 0x0000000085900000| PB 0x0000000085900000| Untracked 
|  60|0x0000000085a00000, 0x0000000085a00000, 0x0000000085b00000|  0%| F|  |TAMS 0x0000000085a00000| PB 0x0000000085a00000| Untracked 
|  61|0x0000000085b00000, 0x0000000085b00000, 0x0000000085c00000|  0%| F|  |TAMS 0x0000000085b00000| PB 0x0000000085b00000| Untracked 
|  62|0x0000000085c00000, 0x0000000085c00000, 0x0000000085d00000|  0%| F|  |TAMS 0x0000000085c00000| PB 0x0000000085c00000| Untracked 
|  63|0x0000000085d00000, 0x0000000085d00000, 0x0000000085e00000|  0%| F|  |TAMS 0x0000000085d00000| PB 0x0000000085d00000| Untracked 
|  64|0x0000000085e00000, 0x0000000085e00000, 0x0000000085f00000|  0%| F|  |TAMS 0x0000000085e00000| PB 0x0000000085e00000| Untracked 
|  65|0x0000000085f00000, 0x0000000085f00000, 0x0000000086000000|  0%| F|  |TAMS 0x0000000085f00000| PB 0x0000000085f00000| Untracked 
|  66|0x0000000086000000, 0x0000000086000000, 0x0000000086100000|  0%| F|  |TAMS 0x0000000086000000| PB 0x0000000086000000| Untracked 
|  67|0x0000000086100000, 0x0000000086100000, 0x0000000086200000|  0%| F|  |TAMS 0x0000000086100000| PB 0x0000000086100000| Untracked 
|  68|0x0000000086200000, 0x0000000086200000, 0x0000000086300000|  0%| F|  |TAMS 0x0000000086200000| PB 0x0000000086200000| Untracked 
|  69|0x0000000086300000, 0x0000000086300000, 0x0000000086400000|  0%| F|  |TAMS 0x0000000086300000| PB 0x0000000086300000| Untracked 
|  70|0x0000000086400000, 0x0000000086400000, 0x0000000086500000|  0%| F|  |TAMS 0x0000000086400000| PB 0x0000000086400000| Untracked 
|  71|0x0000000086500000, 0x0000000086500000, 0x0000000086600000|  0%| F|  |TAMS 0x0000000086500000| PB 0x0000000086500000| Untracked 
|  72|0x0000000086600000, 0x0000000086600000, 0x0000000086700000|  0%| F|  |TAMS 0x0000000086600000| PB 0x0000000086600000| Untracked 
|  73|0x0000000086700000, 0x0000000086700000, 0x0000000086800000|  0%| F|  |TAMS 0x0000000086700000| PB 0x0000000086700000| Untracked 
|  74|0x0000000086800000, 0x0000000086800000, 0x0000000086900000|  0%| F|  |TAMS 0x0000000086800000| PB 0x0000000086800000| Untracked 
|  75|0x0000000086900000, 0x0000000086900000, 0x0000000086a00000|  0%| F|  |TAMS 0x0000000086900000| PB 0x0000000086900000| Untracked 
|  76|0x0000000086a00000, 0x0000000086a00000, 0x0000000086b00000|  0%| F|  |TAMS 0x0000000086a00000| PB 0x0000000086a00000| Untracked 
|  77|0x0000000086b00000, 0x0000000086b00000, 0x0000000086c00000|  0%| F|  |TAMS 0x0000000086b00000| PB 0x0000000086b00000| Untracked 
|  78|0x0000000086c00000, 0x0000000086c00000, 0x0000000086d00000|  0%| F|  |TAMS 0x0000000086c00000| PB 0x0000000086c00000| Untracked 
|  79|0x0000000086d00000, 0x0000000086d00000, 0x0000000086e00000|  0%| F|  |TAMS 0x0000000086d00000| PB 0x0000000086d00000| Untracked 
|  80|0x0000000086e00000, 0x0000000086e00000, 0x0000000086f00000|  0%| F|  |TAMS 0x0000000086e00000| PB 0x0000000086e00000| Untracked 
|  81|0x0000000086f00000, 0x0000000086f00000, 0x0000000087000000|  0%| F|  |TAMS 0x0000000086f00000| PB 0x0000000086f00000| Untracked 
|  82|0x0000000087000000, 0x0000000087000000, 0x0000000087100000|  0%| F|  |TAMS 0x0000000087000000| PB 0x0000000087000000| Untracked 
|  83|0x0000000087100000, 0x0000000087100000, 0x0000000087200000|  0%| F|  |TAMS 0x0000000087100000| PB 0x0000000087100000| Untracked 
|  84|0x0000000087200000, 0x0000000087200000, 0x0000000087300000|  0%| F|  |TAMS 0x0000000087200000| PB 0x0000000087200000| Untracked 
|  85|0x0000000087300000, 0x00000000873c5280, 0x0000000087400000| 77%| S|CS|TAMS 0x0000000087300000| PB 0x0000000087300000| Complete 
|  86|0x0000000087400000, 0x0000000087500000, 0x0000000087500000|100%| S|CS|TAMS 0x0000000087400000| PB 0x0000000087400000| Complete 
|  87|0x0000000087500000, 0x0000000087600000, 0x0000000087600000|100%| S|CS|TAMS 0x0000000087500000| PB 0x0000000087500000| Complete 
|  88|0x0000000087600000, 0x0000000087700000, 0x0000000087700000|100%| S|CS|TAMS 0x0000000087600000| PB 0x0000000087600000| Complete 
|  89|0x0000000087700000, 0x0000000087700000, 0x0000000087800000|  0%| F|  |TAMS 0x0000000087700000| PB 0x0000000087700000| Untracked 
|  90|0x0000000087800000, 0x00000000878d7ef8, 0x0000000087900000| 84%| E|  |TAMS 0x0000000087800000| PB 0x0000000087800000| Complete 
|  91|0x0000000087900000, 0x0000000087a00000, 0x0000000087a00000|100%| E|CS|TAMS 0x0000000087900000| PB 0x0000000087900000| Complete 
|  92|0x0000000087a00000, 0x0000000087b00000, 0x0000000087b00000|100%| E|CS|TAMS 0x0000000087a00000| PB 0x0000000087a00000| Complete 
|  93|0x0000000087b00000, 0x0000000087c00000, 0x0000000087c00000|100%| E|CS|TAMS 0x0000000087b00000| PB 0x0000000087b00000| Complete 
|  94|0x0000000087c00000, 0x0000000087d00000, 0x0000000087d00000|100%| E|CS|TAMS 0x0000000087c00000| PB 0x0000000087c00000| Complete 
|  95|0x0000000087d00000, 0x0000000087e00000, 0x0000000087e00000|100%| E|CS|TAMS 0x0000000087d00000| PB 0x0000000087d00000| Complete 
|  96|0x0000000087e00000, 0x0000000087f00000, 0x0000000087f00000|100%| E|CS|TAMS 0x0000000087e00000| PB 0x0000000087e00000| Complete 
|  97|0x0000000087f00000, 0x0000000088000000, 0x0000000088000000|100%| E|CS|TAMS 0x0000000087f00000| PB 0x0000000087f00000| Complete 
|  98|0x0000000088000000, 0x0000000088100000, 0x0000000088100000|100%| E|CS|TAMS 0x0000000088000000| PB 0x0000000088000000| Complete 
| 127|0x0000000089d00000, 0x0000000089e00000, 0x0000000089e00000|100%| E|CS|TAMS 0x0000000089d00000| PB 0x0000000089d00000| Complete 
|2007|0x00000000ff500000, 0x00000000ff600000, 0x00000000ff600000|100%| O|Cm|TAMS 0x00000000ff500000| PB 0x00000000ff500000| Complete 
|2008|0x00000000ff600000, 0x00000000ff700000, 0x00000000ff700000|100%| O|Cm|TAMS 0x00000000ff600000| PB 0x00000000ff600000| Complete 
|2009|0x00000000ff700000, 0x00000000ff800000, 0x00000000ff800000|100%| O|Cm|TAMS 0x00000000ff700000| PB 0x00000000ff700000| Complete 
|2010|0x00000000ff800000, 0x00000000ff900000, 0x00000000ff900000|100%| O|Cm|TAMS 0x00000000ff800000| PB 0x00000000ff800000| Complete 
|2011|0x00000000ff900000, 0x00000000ffa00000, 0x00000000ffa00000|100%| O|  |TAMS 0x00000000ff900000| PB 0x00000000ff900000| Untracked 
|2012|0x00000000ffa00000, 0x00000000ffb00000, 0x00000000ffb00000|100%| E|CS|TAMS 0x00000000ffa00000| PB 0x00000000ffa00000| Complete 
|2013|0x00000000ffb00000, 0x00000000ffc00000, 0x00000000ffc00000|100%| E|CS|TAMS 0x00000000ffb00000| PB 0x00000000ffb00000| Complete 
|2014|0x00000000ffc00000, 0x00000000ffd00000, 0x00000000ffd00000|100%| E|CS|TAMS 0x00000000ffc00000| PB 0x00000000ffc00000| Complete 
|2015|0x00000000ffd00000, 0x00000000ffe00000, 0x00000000ffe00000|100%| O|  |TAMS 0x00000000ffd00000| PB 0x00000000ffd00000| Untracked 
|2016|0x00000000ffe00000, 0x00000000fff00000, 0x00000000fff00000|100%| O|  |TAMS 0x00000000ffe00000| PB 0x00000000ffe00000| Untracked 
|2017|0x00000000fff00000, 0x0000000100000000, 0x0000000100000000|100%| O|  |TAMS 0x00000000fff00000| PB 0x00000000fff00000| Untracked 

Card table byte_map: [0x00000153dee20000,0x00000153df220000] _byte_map_base: 0x00000153dea11000

Marking Bits: (CMBitMap*) 0x00000153c72b6810
 Bits: [0x00000153df220000, 0x00000153e11a8000)

Polling page: 0x00000153c5130000

Metaspace:

Usage:
  Non-class:     34.27 MB used.
      Class:      4.34 MB used.
       Both:     38.61 MB used.

Virtual space:
  Non-class space:       64.00 MB reserved,      34.56 MB ( 54%) committed,  1 nodes.
      Class space:        1.00 GB reserved,       4.56 MB ( <1%) committed,  1 nodes.
             Both:        1.06 GB reserved,      39.12 MB (  4%) committed. 

Chunk freelists:
   Non-Class:  12.84 MB
       Class:  11.48 MB
        Both:  24.33 MB

MaxMetaspaceSize: unlimited
CompressedClassSpaceSize: 1.00 GB
Initial GC threshold: 21.00 MB
Current GC threshold: 57.62 MB
CDS: on
 - commit_granule_bytes: 65536.
 - commit_granule_words: 8192.
 - virtual_space_node_default_size: 8388608.
 - enlarge_chunks_in_place: 1.
 - use_allocation_guard: 0.


Internal statistics:

num_allocs_failed_limit: 6.
num_arena_births: 410.
num_arena_deaths: 4.
num_vsnodes_births: 2.
num_vsnodes_deaths: 0.
num_space_committed: 643.
num_space_uncommitted: 9.
num_chunks_returned_to_freelist: 94.
num_chunks_taken_from_freelist: 1749.
num_chunk_merges: 23.
num_chunk_splits: 1219.
num_chunks_enlarged: 960.
num_inconsistent_stats: 0.

CodeHeap 'non-profiled nmethods': size=120000Kb used=3984Kb max_used=4348Kb free=116015Kb
 bounds [0x00000153d71c0000, 0x00000153d7600000, 0x00000153de6f0000]
CodeHeap 'profiled nmethods': size=120000Kb used=14708Kb max_used=16404Kb free=105291Kb
 bounds [0x00000153cf6f0000, 0x00000153d0700000, 0x00000153d6c20000]
CodeHeap 'non-nmethods': size=5760Kb used=1579Kb max_used=1596Kb free=4180Kb
 bounds [0x00000153d6c20000, 0x00000153d6e90000, 0x00000153d71c0000]
 total_blobs=7600 nmethods=6966 adapters=538
 compilation: enabled
              stopped_count=0, restarted_count=0
 full_count=0

Compilation events (20 events):
Event: 15.286 Thread 0x00000153e3c27da0 7815       3       sun.security.util.math.intpoly.IntegerPolynomial1305::encode (56 bytes)
Event: 15.288 Thread 0x00000153e3c27da0 nmethod 7815 0x00000153cf922710 code [0x00000153cf922980, 0x00000153cf923408]
Event: 15.288 Thread 0x00000153e3c27da0 7816       3       sun.security.util.math.intpoly.IntegerPolynomial1305::encode (66 bytes)
Event: 15.288 Thread 0x00000153e3c27da0 nmethod 7816 0x00000153cfd33d90 code [0x00000153cfd33f40, 0x00000153cfd34158]
Event: 15.288 Thread 0x00000153e3c27da0 7817       3       com.sun.crypto.provider.Poly1305::processBlock (51 bytes)
Event: 15.289 Thread 0x00000153e3c27da0 nmethod 7817 0x00000153cf988290 code [0x00000153cf9884a0, 0x00000153cf9889a8]
Event: 15.289 Thread 0x00000153e3c27da0 7818       3       sun.security.util.math.intpoly.IntegerPolynomial$MutableElement::setValue (10 bytes)
Event: 15.290 Thread 0x00000153e3c27da0 nmethod 7818 0x00000153d03bc510 code [0x00000153d03bc6c0, 0x00000153d03bc810]
Event: 15.290 Thread 0x00000153e3c27da0 7819       3       sun.security.util.math.intpoly.IntegerPolynomial$MutableElement::setValue (23 bytes)
Event: 15.290 Thread 0x00000153e3c27da0 nmethod 7819 0x00000153cfe7f290 code [0x00000153cfe7f440, 0x00000153cfe7f638]
Event: 15.290 Thread 0x00000153e3c27da0 7820       3       sun.security.util.math.intpoly.IntegerPolynomial1305::mult (233 bytes)
Event: 15.291 Thread 0x00000153e3c27da0 nmethod 7820 0x00000153cfbfe210 code [0x00000153cfbfe3e0, 0x00000153cfbfe880]
Event: 15.291 Thread 0x00000153e3c27da0 7821       3       sun.security.util.math.intpoly.IntegerPolynomial1305::carryReduce (104 bytes)
Event: 15.292 Thread 0x00000153e3c27da0 nmethod 7821 0x00000153cfb81290 code [0x00000153cfb81460, 0x00000153cfb817f8]
Event: 15.304 Thread 0x00000153e3c27da0 7823       3       sun.util.calendar.BaseCalendar::getCalendarDateFromFixedDate (305 bytes)
Event: 15.308 Thread 0x00000153e3c27da0 nmethod 7823 0x00000153d034c310 code [0x00000153d034c5c0, 0x00000153d034dbd8]
Event: 15.309 Thread 0x00000153e3c27da0 7824       3       sun.util.calendar.BaseCalendar$Date::hit (24 bytes)
Event: 15.309 Thread 0x00000153e3c27da0 nmethod 7824 0x00000153d04c7690 code [0x00000153d04c7840, 0x00000153d04c79e8]
Event: 15.309 Thread 0x00000153e3c27da0 7825       3       sun.util.calendar.BaseCalendar::getDayOfWeekFromFixedDate (26 bytes)
Event: 15.310 Thread 0x00000153e3c27da0 nmethod 7825 0x00000153cfaafa90 code [0x00000153cfaafc40, 0x00000153cfaafe10]

GC Heap History (18 events):
Event: 0.926 GC heap before
{Heap before GC invocations=0 (full 0):
 garbage-first heap   total 131072K, used 23552K [0x0000000081e00000, 0x0000000100000000)
  region size 1024K, 23 young (23552K), 0 survivors (0K)
 Metaspace       used 5687K, committed 5888K, reserved 1114112K
  class space    used 660K, committed 768K, reserved 1048576K
}
Event: 0.935 GC heap after
{Heap after GC invocations=1 (full 0):
 garbage-first heap   total 131072K, used 3783K [0x0000000081e00000, 0x0000000100000000)
  region size 1024K, 3 young (3072K), 3 survivors (3072K)
 Metaspace       used 5687K, committed 5888K, reserved 1114112K
  class space    used 660K, committed 768K, reserved 1048576K
}
Event: 1.651 GC heap before
{Heap before GC invocations=1 (full 0):
 garbage-first heap   total 131072K, used 35527K [0x0000000081e00000, 0x0000000100000000)
  region size 1024K, 34 young (34816K), 3 survivors (3072K)
 Metaspace       used 10178K, committed 10304K, reserved 1114112K
  class space    used 1200K, committed 1280K, reserved 1048576K
}
Event: 1.657 GC heap after
{Heap after GC invocations=2 (full 0):
 garbage-first heap   total 131072K, used 5603K [0x0000000081e00000, 0x0000000100000000)
  region size 1024K, 2 young (2048K), 2 survivors (2048K)
 Metaspace       used 10178K, committed 10304K, reserved 1114112K
  class space    used 1200K, committed 1280K, reserved 1048576K
}
Event: 3.401 GC heap before
{Heap before GC invocations=2 (full 0):
 garbage-first heap   total 131072K, used 81379K [0x0000000081e00000, 0x0000000100000000)
  region size 1024K, 76 young (77824K), 2 survivors (2048K)
 Metaspace       used 16066K, committed 16384K, reserved 1114112K
  class space    used 1851K, committed 1984K, reserved 1048576K
}
Event: 3.417 GC heap after
{Heap after GC invocations=3 (full 0):
 garbage-first heap   total 131072K, used 13836K [0x0000000081e00000, 0x0000000100000000)
  region size 1024K, 10 young (10240K), 10 survivors (10240K)
 Metaspace       used 16066K, committed 16384K, reserved 1114112K
  class space    used 1851K, committed 1984K, reserved 1048576K
}
Event: 5.835 GC heap before
{Heap before GC invocations=3 (full 0):
 garbage-first heap   total 131072K, used 78348K [0x0000000081e00000, 0x0000000100000000)
  region size 1024K, 68 young (69632K), 10 survivors (10240K)
 Metaspace       used 21167K, committed 21504K, reserved 1114112K
  class space    used 2427K, committed 2624K, reserved 1048576K
}
Event: 5.867 GC heap after
{Heap after GC invocations=4 (full 0):
 garbage-first heap   total 131072K, used 25832K [0x0000000081e00000, 0x0000000100000000)
  region size 1024K, 7 young (7168K), 7 survivors (7168K)
 Metaspace       used 21167K, committed 21504K, reserved 1114112K
  class space    used 2427K, committed 2624K, reserved 1048576K
}
Event: 8.688 GC heap before
{Heap before GC invocations=5 (full 0):
 garbage-first heap   total 92160K, used 90344K [0x0000000081e00000, 0x0000000100000000)
  region size 1024K, 71 young (72704K), 7 survivors (7168K)
 Metaspace       used 28006K, committed 28352K, reserved 1114112K
  class space    used 3167K, committed 3328K, reserved 1048576K
}
Event: 8.736 GC heap after
{Heap after GC invocations=6 (full 0):
 garbage-first heap   total 113664K, used 37096K [0x0000000081e00000, 0x0000000100000000)
  region size 1024K, 10 young (10240K), 10 survivors (10240K)
 Metaspace       used 28006K, committed 28352K, reserved 1114112K
  class space    used 3167K, committed 3328K, reserved 1048576K
}
Event: 10.592 GC heap before
{Heap before GC invocations=6 (full 0):
 garbage-first heap   total 113664K, used 94440K [0x0000000081e00000, 0x0000000100000000)
  region size 1024K, 61 young (62464K), 10 survivors (10240K)
 Metaspace       used 30493K, committed 30912K, reserved 1114112K
  class space    used 3465K, committed 3648K, reserved 1048576K
}
Event: 10.620 GC heap after
{Heap after GC invocations=7 (full 0):
 garbage-first heap   total 113664K, used 46080K [0x0000000081e00000, 0x0000000100000000)
  region size 1024K, 8 young (8192K), 8 survivors (8192K)
 Metaspace       used 30493K, committed 30912K, reserved 1114112K
  class space    used 3465K, committed 3648K, reserved 1048576K
}
Event: 11.758 GC heap before
{Heap before GC invocations=7 (full 0):
 garbage-first heap   total 113664K, used 90112K [0x0000000081e00000, 0x0000000100000000)
  region size 1024K, 51 young (52224K), 8 survivors (8192K)
 Metaspace       used 31158K, committed 31680K, reserved 1114112K
  class space    used 3548K, committed 3776K, reserved 1048576K
}
Event: 11.794 GC heap after
{Heap after GC invocations=8 (full 0):
 garbage-first heap   total 113664K, used 56832K [0x0000000081e00000, 0x0000000100000000)
  region size 1024K, 7 young (7168K), 7 survivors (7168K)
 Metaspace       used 31158K, committed 31680K, reserved 1114112K
  class space    used 3548K, committed 3776K, reserved 1048576K
}
Event: 12.815 GC heap before
{Heap before GC invocations=8 (full 0):
 garbage-first heap   total 113664K, used 91648K [0x0000000081e00000, 0x0000000100000000)
  region size 1024K, 41 young (41984K), 7 survivors (7168K)
 Metaspace       used 32829K, committed 33280K, reserved 1114112K
  class space    used 3684K, committed 3904K, reserved 1048576K
}
Event: 12.824 GC heap after
{Heap after GC invocations=9 (full 0):
 garbage-first heap   total 113664K, used 54784K [0x0000000081e00000, 0x0000000100000000)
  region size 1024K, 2 young (2048K), 2 survivors (2048K)
 Metaspace       used 32829K, committed 33280K, reserved 1114112K
  class space    used 3684K, committed 3904K, reserved 1048576K
}
Event: 13.614 GC heap before
{Heap before GC invocations=9 (full 0):
 garbage-first heap   total 113664K, used 65024K [0x0000000081e00000, 0x0000000100000000)
  region size 1024K, 13 young (13312K), 2 survivors (2048K)
 Metaspace       used 35867K, committed 36288K, reserved 1114112K
  class space    used 3993K, committed 4160K, reserved 1048576K
}
Event: 13.627 GC heap after
{Heap after GC invocations=10 (full 0):
 garbage-first heap   total 113664K, used 57108K [0x0000000081e00000, 0x0000000100000000)
  region size 1024K, 4 young (4096K), 4 survivors (4096K)
 Metaspace       used 35867K, committed 36288K, reserved 1114112K
  class space    used 3993K, committed 4160K, reserved 1048576K
}

Dll operation events (10 events):
Event: 0.009 Loaded shared library C:\Program Files\Java\jdk-21\bin\java.dll
Event: 0.046 Loaded shared library C:\Program Files\Java\jdk-21\bin\jsvml.dll
Event: 0.068 Loaded shared library C:\Program Files\Java\jdk-21\bin\net.dll
Event: 0.070 Loaded shared library C:\Program Files\Java\jdk-21\bin\nio.dll
Event: 0.075 Loaded shared library C:\Program Files\Java\jdk-21\bin\zip.dll
Event: 0.271 Loaded shared library C:\Program Files\Java\jdk-21\bin\jimage.dll
Event: 0.274 Loaded shared library C:\Users\Abhay\Downloads\apache-maven-3.9.9-bin\apache-maven-3.9.9\lib\jansi-native\Windows\x86_64\jansi.dll
Event: 0.294 Loaded shared library C:\Program Files\Java\jdk-21\bin\verify.dll
Event: 13.171 Loaded shared library C:\Program Files\Java\jdk-21\bin\sunmscapi.dll
Event: 14.243 Loaded shared library C:\Program Files\Java\jdk-21\bin\extnet.dll

Deoptimization events (20 events):
Event: 15.119 Thread 0x00000153c7265200 Uncommon trap: trap_request=0xffffff66 fr.pc=0x00000153d71f3e94 relative=0x0000000000000334
Event: 15.119 Thread 0x00000153c7265200 Uncommon trap: reason=speculate_class_check action=maybe_recompile pc=0x00000153d71f3e94 method=sun.security.util.math.intpoly.IntegerPolynomial.multByInt([JJ)V @ 26 c2
Event: 15.119 Thread 0x00000153c7265200 DEOPT PACKING pc=0x00000153d71f3e94 sp=0x0000003bde1fb6a0
Event: 15.119 Thread 0x00000153c7265200 DEOPT UNPACKING pc=0x00000153d6c746a2 sp=0x0000003bde1fb5e0 mode 2
Event: 15.119 Thread 0x00000153c7265200 Uncommon trap: trap_request=0xffffffde fr.pc=0x00000153d73ba2c0 relative=0x0000000000000280
Event: 15.119 Thread 0x00000153c7265200 Uncommon trap: reason=class_check action=maybe_recompile pc=0x00000153d73ba2c0 method=sun.security.util.math.intpoly.IntegerPolynomial.multByInt([JJ)V @ 26 c2
Event: 15.119 Thread 0x00000153c7265200 DEOPT PACKING pc=0x00000153d73ba2c0 sp=0x0000003bde1fb610
Event: 15.119 Thread 0x00000153c7265200 DEOPT UNPACKING pc=0x00000153d6c746a2 sp=0x0000003bde1fb5e0 mode 2
Event: 15.119 Thread 0x00000153c7265200 Uncommon trap: trap_request=0xffffffde fr.pc=0x00000153d73ba2c0 relative=0x0000000000000280
Event: 15.119 Thread 0x00000153c7265200 Uncommon trap: reason=class_check action=maybe_recompile pc=0x00000153d73ba2c0 method=sun.security.util.math.intpoly.IntegerPolynomial.multByInt([JJ)V @ 26 c2
Event: 15.119 Thread 0x00000153c7265200 DEOPT PACKING pc=0x00000153d73ba2c0 sp=0x0000003bde1fb610
Event: 15.119 Thread 0x00000153c7265200 DEOPT UNPACKING pc=0x00000153d6c746a2 sp=0x0000003bde1fb5e0 mode 2
Event: 15.119 Thread 0x00000153c7265200 Uncommon trap: trap_request=0xffffffde fr.pc=0x00000153d73ba2c0 relative=0x0000000000000280
Event: 15.119 Thread 0x00000153c7265200 Uncommon trap: reason=class_check action=maybe_recompile pc=0x00000153d73ba2c0 method=sun.security.util.math.intpoly.IntegerPolynomial.multByInt([JJ)V @ 26 c2
Event: 15.119 Thread 0x00000153c7265200 DEOPT PACKING pc=0x00000153d73ba2c0 sp=0x0000003bde1fb610
Event: 15.119 Thread 0x00000153c7265200 DEOPT UNPACKING pc=0x00000153d6c746a2 sp=0x0000003bde1fb5e0 mode 2
Event: 15.119 Thread 0x00000153c7265200 Uncommon trap: trap_request=0xffffffde fr.pc=0x00000153d73ba2c0 relative=0x0000000000000280
Event: 15.119 Thread 0x00000153c7265200 Uncommon trap: reason=class_check action=maybe_recompile pc=0x00000153d73ba2c0 method=sun.security.util.math.intpoly.IntegerPolynomial.multByInt([JJ)V @ 26 c2
Event: 15.119 Thread 0x00000153c7265200 DEOPT PACKING pc=0x00000153d73ba2c0 sp=0x0000003bde1fb610
Event: 15.119 Thread 0x00000153c7265200 DEOPT UNPACKING pc=0x00000153d6c746a2 sp=0x0000003bde1fb5e0 mode 2

Classes loaded (20 events):
Event: 15.404 Loading class java/util/concurrent/CountDownLatch
Event: 15.404 Loading class java/util/concurrent/CountDownLatch done
Event: 15.404 Loading class java/util/concurrent/CountDownLatch$Sync
Event: 15.405 Loading class java/util/concurrent/CountDownLatch$Sync done
Event: 15.405 Loading class java/util/concurrent/locks/AbstractQueuedSynchronizer$SharedNode
Event: 15.405 Loading class java/util/concurrent/locks/AbstractQueuedSynchronizer$SharedNode done
Event: 15.417 Loading class sun/nio/cs/ISO_8859_1$Encoder
Event: 15.417 Loading class sun/nio/cs/ISO_8859_1$Encoder done
Event: 15.417 Loading class sun/nio/cs/Surrogate$Parser
Event: 15.417 Loading class sun/nio/cs/Surrogate$Parser done
Event: 15.417 Loading class sun/nio/cs/Surrogate
Event: 15.418 Loading class sun/nio/cs/Surrogate done
Event: 15.418 Loading class sun/util/locale/provider/TimeZoneNameUtility
Event: 15.419 Loading class sun/util/locale/provider/TimeZoneNameUtility done
Event: 15.419 Loading class sun/util/locale/provider/TimeZoneNameUtility$TimeZoneNameGetter
Event: 15.419 Loading class sun/util/locale/provider/TimeZoneNameUtility$TimeZoneNameGetter done
Event: 15.420 Loading class sun/util/cldr/CLDRTimeZoneNameProviderImpl
Event: 15.421 Loading class sun/util/locale/provider/TimeZoneNameProviderImpl
Event: 16.417 Loading class sun/util/locale/provider/TimeZoneNameProviderImpl done
Event: 16.417 Loading class sun/util/cldr/CLDRTimeZoneNameProviderImpl done

Classes unloaded (20 events):
Event: 13.692 Thread 0x00000153e3bf7f90 Unloading class 0x000001538132e7d0 'lombok/javac/apt/MessagerDiagnosticsReceiver'
Event: 13.692 Thread 0x00000153e3bf7f90 Unloading class 0x000001538132e410 'lombok/javac/apt/InterceptingJavaFileManager'
Event: 13.692 Thread 0x00000153e3bf7f90 Unloading class 0x000001538132e210 'lombok/permit/dummy/Parent'
Event: 13.692 Thread 0x00000153e3bf7f90 Unloading class 0x000001538132e000 'lombok/core/CleanupRegistry'
Event: 13.692 Thread 0x00000153e3bf7f90 Unloading class 0x000001538132ddb8 'lombok/permit/Permit$Fake'
Event: 13.692 Thread 0x00000153e3bf7f90 Unloading class 0x000001538132dbc0 'lombok/permit/Permit'
Event: 13.692 Thread 0x00000153e3bf7f90 Unloading class 0x000001538132d8d8 'lombok/javac/apt/LombokProcessor$1'
Event: 13.692 Thread 0x00000153e3bf7f90 Unloading class 0x000001538132d6e8 'lombok/core/DiagnosticsReceiver'
Event: 13.692 Thread 0x00000153e3bf7f90 Unloading class 0x000001538132d458 'lombok/javac/apt/LombokProcessor'
Event: 13.692 Thread 0x00000153e3bf7f90 Unloading class 0x000001538132d230 'lombok/core/AnnotationProcessor$EcjDescriptor'
Event: 13.692 Thread 0x00000153e3bf7f90 Unloading class 0x000001538132d000 'lombok/core/AnnotationProcessor$JavacDescriptor'
Event: 13.692 Thread 0x00000153e3bf7f90 Unloading class 0x000001538132ca78 'lombok/core/AnnotationProcessor$ProcessorDescriptor'
Event: 13.692 Thread 0x00000153e3bf7f90 Unloading class 0x000001538132c800 'lombok/core/AnnotationProcessor'
Event: 13.692 Thread 0x00000153e3bf7f90 Unloading class 0x0000015381372000 'lombok/launch/AnnotationProcessorHider$ClaimingProcessor'
Event: 13.692 Thread 0x00000153e3bf7f90 Unloading class 0x000001538132c488 'lombok/launch/AnnotationProcessorHider$AstModificationNotifierData'
Event: 13.692 Thread 0x00000153e3bf7f90 Unloading class 0x000001538132c210 'lombok/launch/ClassFileMetaData'
Event: 13.692 Thread 0x00000153e3bf7f90 Unloading class 0x000001538132c000 'lombok/launch/PackageShader'
Event: 13.692 Thread 0x00000153e3bf7f90 Unloading class 0x000001538130c470 'lombok/launch/ShadowClassLoader'
Event: 13.692 Thread 0x00000153e3bf7f90 Unloading class 0x000001538130c278 'lombok/launch/Main'
Event: 13.692 Thread 0x00000153e3bf7f90 Unloading class 0x000001538130c000 'lombok/launch/AnnotationProcessorHider$AnnotationProcessor'

Classes redefined (0 events):
No events

Internal exceptions (20 events):
Event: 12.224 Thread 0x00000153c7265200 Exception <a 'sun/nio/fs/WindowsException'{0x00000000873da1c0}> (0x00000000873da1c0) 
thrown [s\open\src\hotspot\share\prims\jni.cpp, line 520]
Event: 12.224 Thread 0x00000153c7265200 Exception <a 'sun/nio/fs/WindowsException'{0x00000000873da8d8}> (0x00000000873da8d8) 
thrown [s\open\src\hotspot\share\prims\jni.cpp, line 520]
Event: 12.224 Thread 0x00000153c7265200 Exception <a 'sun/nio/fs/WindowsException'{0x00000000873daea8}> (0x00000000873daea8) 
thrown [s\open\src\hotspot\share\prims\jni.cpp, line 520]
Event: 12.224 Thread 0x00000153c7265200 Exception <a 'sun/nio/fs/WindowsException'{0x00000000873db598}> (0x00000000873db598) 
thrown [s\open\src\hotspot\share\prims\jni.cpp, line 520]
Event: 12.225 Thread 0x00000153c7265200 Exception <a 'sun/nio/fs/WindowsException'{0x00000000873dbc68}> (0x00000000873dbc68) 
thrown [s\open\src\hotspot\share\prims\jni.cpp, line 520]
Event: 12.843 Thread 0x00000153ea8805e0 Exception <a 'java/lang/NoSuchMethodError'{0x0000000089d22e50}: 'java.lang.Object java.lang.invoke.DirectMethodHandle$Holder.invokeStatic(java.lang.Object, long, java.lang.Object)'> (0x0000000089d22e50) 
thrown [s\open\src\hotspot\share\interpreter\linkResolver.cpp, line 773]
Event: 12.845 Thread 0x00000153ea8805e0 Exception <a 'java/lang/NoSuchMethodError'{0x0000000089d26208}: 'java.lang.Object java.lang.invoke.DirectMethodHandle$Holder.invokeStaticInit(java.lang.Object, long, java.lang.Object)'> (0x0000000089d26208) 
thrown [s\open\src\hotspot\share\interpreter\linkResolver.cpp, line 773]
Event: 12.847 Thread 0x00000153ea8805e0 Exception <a 'java/lang/NoSuchMethodError'{0x0000000089d2b620}: 'java.lang.Object java.lang.invoke.DirectMethodHandle$Holder.newInvokeSpecial(java.lang.Object, long)'> (0x0000000089d2b620) 
thrown [s\open\src\hotspot\share\interpreter\linkResolver.cpp, line 773]
Event: 12.851 Thread 0x00000153ea8805e0 Exception <a 'java/lang/NoSuchMethodError'{0x0000000089d2fe08}: 'long java.lang.invoke.DirectMethodHandle$Holder.invokeInterface(java.lang.Object, java.lang.Object)'> (0x0000000089d2fe08) 
thrown [s\open\src\hotspot\share\interpreter\linkResolver.cpp, line 773]
Event: 12.851 Thread 0x00000153ea8805e0 Exception <a 'java/lang/NoSuchMethodError'{0x0000000089d332d0}: 'long java.lang.invoke.DelegatingMethodHandle$Holder.reinvoke_L(java.lang.Object, java.lang.Object)'> (0x0000000089d332d0) 
thrown [s\open\src\hotspot\share\interpreter\linkResolver.cpp, line 773]
Event: 12.939 Thread 0x00000153c7265200 Exception <a 'java/lang/NoSuchMethodError'{0x0000000087f581f0}: 'java.lang.Object java.lang.invoke.DirectMethodHandle$Holder.invokeStaticInit(java.lang.Object, java.lang.Object, int, int, int, int)'> (0x0000000087f581f0) 
thrown [s\open\src\hotspot\share\interpreter\linkResolver.cpp, line 773]
Event: 12.995 Thread 0x00000153c7265200 Exception <a 'sun/nio/fs/WindowsException'{0x0000000087eec520}> (0x0000000087eec520) 
thrown [s\open\src\hotspot\share\prims\jni.cpp, line 520]
Event: 12.995 Thread 0x00000153c7265200 Exception <a 'sun/nio/fs/WindowsException'{0x0000000087eec968}> (0x0000000087eec968) 
thrown [s\open\src\hotspot\share\prims\jni.cpp, line 520]
Event: 13.302 Thread 0x00000153c7265200 Exception <a 'sun/nio/fs/WindowsException'{0x0000000087cb2f18}> (0x0000000087cb2f18) 
thrown [s\open\src\hotspot\share\prims\jni.cpp, line 520]
Event: 13.975 Thread 0x00000153c7265200 Exception <a 'java/lang/NoSuchMethodError'{0x0000000087fd15d8}: 'void java.lang.invoke.DirectMethodHandle$Holder.invokeInterface(java.lang.Object, java.lang.Object)'> (0x0000000087fd15d8) 
thrown [s\open\src\hotspot\share\interpreter\linkResolver.cpp, line 773]
Event: 14.009 Thread 0x00000153c7265200 Exception <a 'sun/nio/fs/WindowsException'{0x0000000087e20da8}> (0x0000000087e20da8) 
thrown [s\open\src\hotspot\share\prims\jni.cpp, line 520]
Event: 14.009 Thread 0x00000153c7265200 Exception <a 'sun/nio/fs/WindowsException'{0x0000000087e214c8}> (0x0000000087e214c8) 
thrown [s\open\src\hotspot\share\prims\jni.cpp, line 520]
Event: 15.241 Thread 0x00000153c7265200 Exception <a 'sun/nio/fs/WindowsException'{0x0000000087afc280}> (0x0000000087afc280) 
thrown [s\open\src\hotspot\share\prims\jni.cpp, line 520]
Event: 15.318 Thread 0x00000153c7265200 Exception <a 'sun/nio/fs/WindowsException'{0x000000008793daf0}> (0x000000008793daf0) 
thrown [s\open\src\hotspot\share\prims\jni.cpp, line 520]
Event: 15.413 Thread 0x00000153c7265200 Exception <a 'sun/nio/fs/WindowsException'{0x0000000087954420}> (0x0000000087954420) 
thrown [s\open\src\hotspot\share\prims\jni.cpp, line 520]

ZGC Phase Switch (0 events):
No events

VM Operations (20 events):
Event: 13.447 Executing VM operation: HandshakeAllThreads (Deoptimize) done
Event: 13.500 Executing VM operation: HandshakeAllThreads (Deoptimize)
Event: 13.501 Executing VM operation: HandshakeAllThreads (Deoptimize) done
Event: 13.614 Executing VM operation: CollectForMetadataAllocation (Metadata GC Threshold)
Event: 13.632 Executing VM operation: CollectForMetadataAllocation (Metadata GC Threshold) done
Event: 13.688 Executing VM operation: G1PauseRemark
Event: 13.724 Executing VM operation: G1PauseRemark done
Event: 13.750 Executing VM operation: G1PauseCleanup
Event: 13.750 Executing VM operation: G1PauseCleanup done
Event: 14.039 Executing VM operation: HandshakeAllThreads (Deoptimize)
Event: 14.039 Executing VM operation: HandshakeAllThreads (Deoptimize) done
Event: 14.041 Executing VM operation: HandshakeAllThreads (Deoptimize)
Event: 14.041 Executing VM operation: HandshakeAllThreads (Deoptimize) done
Event: 14.422 Executing VM operation: HandshakeAllThreads (Deoptimize)
Event: 14.422 Executing VM operation: HandshakeAllThreads (Deoptimize) done
Event: 15.163 Executing VM operation: HandshakeAllThreads (Deoptimize)
Event: 15.163 Executing VM operation: HandshakeAllThreads (Deoptimize) done
Event: 15.163 Executing VM operation: Cleanup
Event: 15.163 Executing VM operation: Cleanup done
Event: 16.168 Executing VM operation: Cleanup

Events (20 events):
Event: 13.719 Thread 0x00000153e3bf7f90 flushing nmethod 0x00000153d03a0a90
Event: 13.719 Thread 0x00000153e3bf7f90 flushing nmethod 0x00000153d03a0f90
Event: 13.719 Thread 0x00000153e3bf7f90 flushing nmethod 0x00000153d03a2210
Event: 13.719 Thread 0x00000153e3bf7f90 flushing nmethod 0x00000153d03a3210
Event: 13.719 Thread 0x00000153e3bf7f90 flushing nmethod 0x00000153d03a7810
Event: 13.719 Thread 0x00000153e3bf7f90 flushing nmethod 0x00000153d03c6610
Event: 13.719 Thread 0x00000153e3bf7f90 flushing nmethod 0x00000153d03c6e10
Event: 13.719 Thread 0x00000153e3bf7f90 flushing nmethod 0x00000153d03c7f90
Event: 13.719 Thread 0x00000153e3bf7f90 flushing nmethod 0x00000153d03c8b10
Event: 13.719 Thread 0x00000153e3bf7f90 flushing nmethod 0x00000153d03c9b10
Event: 13.719 Thread 0x00000153e3bf7f90 flushing nmethod 0x00000153d03ca110
Event: 13.719 Thread 0x00000153e3bf7f90 flushing nmethod 0x00000153d03cb490
Event: 13.719 Thread 0x00000153e3bf7f90 flushing nmethod 0x00000153d03d2d10
Event: 13.719 Thread 0x00000153e3bf7f90 flushing nmethod 0x00000153d040ef10
Event: 13.719 Thread 0x00000153e3bf7f90 flushing nmethod 0x00000153d0413b10
Event: 13.719 Thread 0x00000153e3bf7f90 flushing nmethod 0x00000153d0446390
Event: 13.719 Thread 0x00000153e3bf7f90 flushing nmethod 0x00000153d0491f10
Event: 13.719 Thread 0x00000153e3bf7f90 flushing nmethod 0x00000153d04c4310
Event: 13.719 Thread 0x00000153e3bf7f90 flushing nmethod 0x00000153d04c7690
Event: 13.772 Thread 0x00000153e3c28470 Thread added: 0x00000153e3c28470


Dynamic libraries:
0x00007ff7aabc0000 - 0x00007ff7aabd0000 	C:\Program Files\Java\jdk-21\bin\java.exe
0x00007ffe903a0000 - 0x00007ffe90605000 	C:\WINDOWS\SYSTEM32\ntdll.dll
0x00007ffe8ff20000 - 0x00007ffe8ffe9000 	C:\WINDOWS\System32\KERNEL32.DLL
0x00007ffe8d850000 - 0x00007ffe8dc38000 	C:\WINDOWS\System32\KERNELBASE.dll
0x00007ffe8d6d0000 - 0x00007ffe8d81b000 	C:\WINDOWS\System32\ucrtbase.dll
0x00007ffe63fc0000 - 0x00007ffe63fd9000 	C:\Program Files\Java\jdk-21\bin\jli.dll
0x00007ffe71e30000 - 0x00007ffe71e4b000 	C:\Program Files\Java\jdk-21\bin\VCRUNTIME140.dll
0x00007ffe8f8d0000 - 0x00007ffe8f983000 	C:\WINDOWS\System32\ADVAPI32.dll
0x00007ffe8f550000 - 0x00007ffe8f5f9000 	C:\WINDOWS\System32\msvcrt.dll
0x00007ffe8fd80000 - 0x00007ffe8fe26000 	C:\WINDOWS\System32\sechost.dll
0x00007ffe8e140000 - 0x00007ffe8e255000 	C:\WINDOWS\System32\RPCRT4.dll
0x00007ffe90190000 - 0x00007ffe9035a000 	C:\WINDOWS\System32\USER32.dll
0x00007ffe8c6f0000 - 0x00007ffe8c98a000 	C:\WINDOWS\WinSxS\amd64_microsoft.windows.common-controls_6595b64144ccf1df_6.0.26100.4202_none_3e0698d4e335f517\COMCTL32.dll
0x00007ffe8d820000 - 0x00007ffe8d847000 	C:\WINDOWS\System32\win32u.dll
0x00007ffe8eac0000 - 0x00007ffe8eaeb000 	C:\WINDOWS\System32\GDI32.dll
0x00007ffe8ddc0000 - 0x00007ffe8def7000 	C:\WINDOWS\System32\gdi32full.dll
0x00007ffe8d580000 - 0x00007ffe8d623000 	C:\WINDOWS\System32\msvcp_win.dll
0x00007ffe7eab0000 - 0x00007ffe7eabb000 	C:\WINDOWS\SYSTEM32\VERSION.dll
0x00007ffe8fa70000 - 0x00007ffe8faa0000 	C:\WINDOWS\System32\IMM32.DLL
0x00007ffe72120000 - 0x00007ffe7212c000 	C:\Program Files\Java\jdk-21\bin\vcruntime140_1.dll
0x00007ffe60bc0000 - 0x00007ffe60c4e000 	C:\Program Files\Java\jdk-21\bin\msvcp140.dll
0x00007ffe22930000 - 0x00007ffe2364a000 	C:\Program Files\Java\jdk-21\bin\server\jvm.dll
0x00007ffe8fab0000 - 0x00007ffe8fb24000 	C:\WINDOWS\System32\WS2_32.dll
0x00007ffe8d340000 - 0x00007ffe8d39e000 	C:\WINDOWS\SYSTEM32\POWRPROF.dll
0x00007ffe75e00000 - 0x00007ffe75e35000 	C:\WINDOWS\SYSTEM32\WINMM.dll
0x00007ffe8d320000 - 0x00007ffe8d334000 	C:\WINDOWS\SYSTEM32\UMPDC.dll
0x00007ffe8b9c0000 - 0x00007ffe8b9db000 	C:\WINDOWS\SYSTEM32\kernel.appcore.dll
0x00007ffe71ef0000 - 0x00007ffe71efa000 	C:\Program Files\Java\jdk-21\bin\jimage.dll
0x00007ffe8cca0000 - 0x00007ffe8cee1000 	C:\WINDOWS\SYSTEM32\DBGHELP.DLL
0x00007ffe8eaf0000 - 0x00007ffe8ee75000 	C:\WINDOWS\System32\combase.dll
0x00007ffe8fff0000 - 0x00007ffe900d1000 	C:\WINDOWS\System32\OLEAUT32.dll
0x00007ffe8cb90000 - 0x00007ffe8cbc9000 	C:\WINDOWS\SYSTEM32\dbgcore.DLL
0x00007ffe8d630000 - 0x00007ffe8d6c9000 	C:\WINDOWS\System32\bcryptPrimitives.dll
0x00007ffe60ba0000 - 0x00007ffe60bbf000 	C:\Program Files\Java\jdk-21\bin\java.dll
0x00007ffe8e370000 - 0x00007ffe8eab2000 	C:\WINDOWS\System32\SHELL32.dll
0x00007ffe8df00000 - 0x00007ffe8e074000 	C:\WINDOWS\System32\wintypes.dll
0x00007ffe8a690000 - 0x00007ffe8aee7000 	C:\WINDOWS\SYSTEM32\windows.storage.dll
0x00007ffe8f610000 - 0x00007ffe8f701000 	C:\WINDOWS\System32\SHCORE.dll
0x00007ffe8fe30000 - 0x00007ffe8fe9a000 	C:\WINDOWS\System32\shlwapi.dll
0x00007ffe8d400000 - 0x00007ffe8d42f000 	C:\WINDOWS\SYSTEM32\profapi.dll
0x00007ffe4f480000 - 0x00007ffe4f557000 	C:\Program Files\Java\jdk-21\bin\jsvml.dll
0x00007ffe71e20000 - 0x00007ffe71e30000 	C:\Program Files\Java\jdk-21\bin\net.dll
0x00007ffe82650000 - 0x00007ffe8276e000 	C:\WINDOWS\SYSTEM32\WINHTTP.dll
0x00007ffe8c0c0000 - 0x00007ffe8c12a000 	C:\WINDOWS\system32\mswsock.dll
0x00007ffe60b80000 - 0x00007ffe60b96000 	C:\Program Files\Java\jdk-21\bin\nio.dll
0x00007ffe60b60000 - 0x00007ffe60b78000 	C:\Program Files\Java\jdk-21\bin\zip.dll
0x00007ffe72cd0000 - 0x00007ffe72cf4000 	C:\Users\Abhay\Downloads\apache-maven-3.9.9-bin\apache-maven-3.9.9\lib\jansi-native\Windows\x86_64\jansi.dll
0x00007ffe60a00000 - 0x00007ffe60a10000 	C:\Program Files\Java\jdk-21\bin\verify.dll
0x00007ffe8d010000 - 0x00007ffe8d02b000 	C:\WINDOWS\SYSTEM32\CRYPTSP.dll
0x00007ffe8b920000 - 0x00007ffe8b95a000 	C:\WINDOWS\system32\rsaenh.dll
0x00007ffe8c160000 - 0x00007ffe8c18b000 	C:\WINDOWS\SYSTEM32\USERENV.dll
0x00007ffe8d3d0000 - 0x00007ffe8d3f6000 	C:\WINDOWS\SYSTEM32\bcrypt.dll
0x00007ffe8c370000 - 0x00007ffe8c37c000 	C:\WINDOWS\SYSTEM32\CRYPTBASE.dll
0x00007ffe8b390000 - 0x00007ffe8b3c3000 	C:\WINDOWS\SYSTEM32\IPHLPAPI.DLL
0x00007ffe8e360000 - 0x00007ffe8e36a000 	C:\WINDOWS\System32\NSI.dll
0x00007ffe719f0000 - 0x00007ffe719fe000 	C:\Program Files\Java\jdk-21\bin\sunmscapi.dll
0x00007ffe8dc40000 - 0x00007ffe8ddb7000 	C:\WINDOWS\System32\CRYPT32.dll
0x00007ffe8c440000 - 0x00007ffe8c470000 	C:\WINDOWS\SYSTEM32\ncrypt.dll
0x00007ffe8c3f0000 - 0x00007ffe8c42f000 	C:\WINDOWS\SYSTEM32\NTASN1.dll
0x00007ffe8b420000 - 0x00007ffe8b547000 	C:\WINDOWS\SYSTEM32\DNSAPI.dll
0x00007ffe7cd10000 - 0x00007ffe7cd1b000 	C:\Windows\System32\rasadhlp.dll
0x00007ffe7eed0000 - 0x00007ffe7ef56000 	C:\WINDOWS\System32\fwpuclnt.dll
0x00007ffe6cc10000 - 0x00007ffe6cc19000 	C:\Program Files\Java\jdk-21\bin\extnet.dll

dbghelp: loaded successfully - version: 4.0.5 - missing functions: none
symbol engine: initialized successfully - sym options: 0x614 - pdb path: .;C:\Program Files\Java\jdk-21\bin;C:\WINDOWS\SYSTEM32;C:\WINDOWS\WinSxS\amd64_microsoft.windows.common-controls_6595b64144ccf1df_6.0.26100.4202_none_3e0698d4e335f517;C:\Program Files\Java\jdk-21\bin\server;C:\Users\Abhay\Downloads\apache-maven-3.9.9-bin\apache-maven-3.9.9\lib\jansi-native\Windows\x86_64

VM Arguments:
jvm_args: -Dclassworlds.conf=C:\Users\Abhay\Downloads\apache-maven-3.9.9-bin\apache-maven-3.9.9\bin\m2.conf -Dmaven.home=C:\Users\Abhay\Downloads\apache-maven-3.9.9-bin\apache-maven-3.9.9 -Dlibrary.jansi.path=C:\Users\Abhay\Downloads\apache-maven-3.9.9-bin\apache-maven-3.9.9\lib\jansi-native -Dmaven.multiModuleProjectDirectory=F:\chat-app\chat-app-backend 
java_command: org.codehaus.plexus.classworlds.launcher.Launcher clean install
java_class_path (initial): C:\Users\Abhay\Downloads\apache-maven-3.9.9-bin\apache-maven-3.9.9\boot\plexus-classworlds-2.8.0.jar
Launcher Type: SUN_STANDARD

[Global flags]
     intx CICompilerCount                          = 4                                         {product} {ergonomic}
     uint ConcGCThreads                            = 2                                         {product} {ergonomic}
     uint G1ConcRefinementThreads                  = 8                                         {product} {ergonomic}
   size_t G1HeapRegionSize                         = 1048576                                   {product} {ergonomic}
    uintx GCDrainStackTargetSize                   = 64                                        {product} {ergonomic}
   size_t InitialHeapSize                          = 134217728                                 {product} {ergonomic}
   size_t MarkStackSize                            = 4194304                                   {product} {ergonomic}
   size_t MaxHeapSize                              = 2116026368                                {product} {ergonomic}
   size_t MaxNewSize                               = 1268776960                                {product} {ergonomic}
   size_t MinHeapDeltaBytes                        = 1048576                                   {product} {ergonomic}
   size_t MinHeapSize                              = 8388608                                   {product} {ergonomic}
    uintx NonNMethodCodeHeapSize                   = 5839372                                {pd product} {ergonomic}
    uintx NonProfiledCodeHeapSize                  = 122909434                              {pd product} {ergonomic}
    uintx ProfiledCodeHeapSize                     = 122909434                              {pd product} {ergonomic}
    uintx ReservedCodeCacheSize                    = 251658240                              {pd product} {ergonomic}
     bool SegmentedCodeCache                       = true                                      {product} {ergonomic}
   size_t SoftMaxHeapSize                          = 2116026368                             {manageable} {ergonomic}
     bool UseCompressedOops                        = true                           {product lp64_product} {ergonomic}
     bool UseG1GC                                  = true                                      {product} {ergonomic}
     bool UseLargePagesIndividualAllocation        = false                                  {pd product} {ergonomic}

Logging:
Log output configuration:
 #0: stdout all=warning uptime,level,tags foldmultilines=false
 #1: stderr all=off uptime,level,tags foldmultilines=false

Environment Variables:
PATH=C:\Python313\Scripts\;C:\Python313\;C:\Program Files\Common Files\Oracle\Java\javapath;C:\WINDOWS\system32;C:\WINDOWS;C:\WINDOWS\System32\Wbem;C:\WINDOWS\System32\WindowsPowerShell\v1.0\;C:\WINDOWS\System32\OpenSSH\;C:\MinGW\bin;C:\Program Files\Git\cmd;C:\Program Files\MySQL\MySQL Server 8.0\bin;C:\Program Files\PowerShell\7\;C:\Program Files\MongoDB\Server\8.0\bin;;C:\Program Files\Docker\Docker\resources\bin;C:\Program Files\nodejs\;C:\ProgramData\chocolatey\bin;C:\Program Files\MySQL\MySQL Shell 8.0\bin\;C:\Users\Abhay\AppData\Local\Microsoft\WindowsApps;C:\Users\Abhay\AppData\Local\Programs\Microsoft VS Code\bin;C:\Program Files\JetBrains\PyCharm 2021.1.1\bin;C:\Program Files\JetBrains\IntelliJ IDEA Community Edition 2022.2.1\bin;C:\Users\Abhay\AppData\Local\atom\bin;C:\Users\Abhay\AppData\Local\Microsoft\WindowsApps;C:\Program Files\MongoDB\Server\8.0\bin;C:\Users\Abhay\AppData\Roaming\npm;C:\Users\Abhay\Downloads\apache-maven-3.9.9-bin\apache-maven-3.9.9\bin;
USERNAME=Abhay
OS=Windows_NT
PROCESSOR_IDENTIFIER=Intel64 Family 6 Model 142 Stepping 12, GenuineIntel
TMP=C:\Users\Abhay\AppData\Local\Temp
TEMP=C:\Users\Abhay\AppData\Local\Temp




Periodic native trim disabled

---------------  S Y S T E M  ---------------

OS:
 Windows 11 , 64 bit Build 26100 (10.0.26100.4202)
OS uptime: 0 days 0:06 hours
Hyper-V role detected

CPU: total 8 (initial active 8) (4 cores per cpu, 2 threads per core) family 6 model 142 stepping 12 microcode 0xf0, cx8, cmov, fxsr, ht, mmx, 3dnowpref, sse, sse2, sse3, ssse3, sse4.1, sse4.2, popcnt, lzcnt, tsc, tscinvbit, avx, avx2, aes, erms, clmul, bmi1, bmi2, adx, fma, vzeroupper, clflush, clflushopt, hv, rdtscp, f16c
Processor Information for all 8 processors :
  Max Mhz: 1800, Current Mhz: 1600, Mhz Limit: 1584

Memory: 4k page, system-wide physical 8070M (679M free)
TotalPageFile size 10934M (AvailPageFile size 12M)
current process WorkingSet (physical memory assigned to process): 295M, peak: 295M
current process commit charge ("private bytes"): 324M, peak: 325M

vm_info: Java HotSpot(TM) 64-Bit Server VM (21.0.7+8-LTS-245) for windows-amd64 JRE (21.0.7+8-LTS-245), built on 2025-02-21T05:11:27Z by "mach5one" with MS VC++ 17.6 (VS2022)

END.
